Archive member included to satisfy reference by file (symbol)

c:/st/stm32cubeide_1.7.0/stm32cubeide/plugins/com.st.stm32cube.ide.mcu.externaltools.gnu-tools-for-stm32.9-2020-q2-update.win32_2.0.0.202105311346/tools/bin/../lib/gcc/arm-none-eabi/9.3.1/../../../../arm-none-eabi/lib/thumb/v7-m/nofp\libc_nano.a(lib_a-errno.o)
                              ./Core/Src/syscalls.o (__errno)
c:/st/stm32cubeide_1.7.0/stm32cubeide/plugins/com.st.stm32cube.ide.mcu.externaltools.gnu-tools-for-stm32.9-2020-q2-update.win32_2.0.0.202105311346/tools/bin/../lib/gcc/arm-none-eabi/9.3.1/../../../../arm-none-eabi/lib/thumb/v7-m/nofp\libc_nano.a(lib_a-exit.o)
                              c:/st/stm32cubeide_1.7.0/stm32cubeide/plugins/com.st.stm32cube.ide.mcu.externaltools.gnu-tools-for-stm32.9-2020-q2-update.win32_2.0.0.202105311346/tools/bin/../lib/gcc/arm-none-eabi/9.3.1/../../../../arm-none-eabi/lib/thumb/v7-m/nofp/crt0.o (exit)
c:/st/stm32cubeide_1.7.0/stm32cubeide/plugins/com.st.stm32cube.ide.mcu.externaltools.gnu-tools-for-stm32.9-2020-q2-update.win32_2.0.0.202105311346/tools/bin/../lib/gcc/arm-none-eabi/9.3.1/../../../../arm-none-eabi/lib/thumb/v7-m/nofp\libc_nano.a(lib_a-impure.o)
                              c:/st/stm32cubeide_1.7.0/stm32cubeide/plugins/com.st.stm32cube.ide.mcu.externaltools.gnu-tools-for-stm32.9-2020-q2-update.win32_2.0.0.202105311346/tools/bin/../lib/gcc/arm-none-eabi/9.3.1/../../../../arm-none-eabi/lib/thumb/v7-m/nofp\libc_nano.a(lib_a-exit.o) (_global_impure_ptr)
c:/st/stm32cubeide_1.7.0/stm32cubeide/plugins/com.st.stm32cube.ide.mcu.externaltools.gnu-tools-for-stm32.9-2020-q2-update.win32_2.0.0.202105311346/tools/bin/../lib/gcc/arm-none-eabi/9.3.1/../../../../arm-none-eabi/lib/thumb/v7-m/nofp\libc_nano.a(lib_a-init.o)
                              c:/st/stm32cubeide_1.7.0/stm32cubeide/plugins/com.st.stm32cube.ide.mcu.externaltools.gnu-tools-for-stm32.9-2020-q2-update.win32_2.0.0.202105311346/tools/bin/../lib/gcc/arm-none-eabi/9.3.1/../../../../arm-none-eabi/lib/thumb/v7-m/nofp/crt0.o (__libc_init_array)
c:/st/stm32cubeide_1.7.0/stm32cubeide/plugins/com.st.stm32cube.ide.mcu.externaltools.gnu-tools-for-stm32.9-2020-q2-update.win32_2.0.0.202105311346/tools/bin/../lib/gcc/arm-none-eabi/9.3.1/../../../../arm-none-eabi/lib/thumb/v7-m/nofp\libc_nano.a(lib_a-memset.o)
                              c:/st/stm32cubeide_1.7.0/stm32cubeide/plugins/com.st.stm32cube.ide.mcu.externaltools.gnu-tools-for-stm32.9-2020-q2-update.win32_2.0.0.202105311346/tools/bin/../lib/gcc/arm-none-eabi/9.3.1/../../../../arm-none-eabi/lib/thumb/v7-m/nofp/crt0.o (memset)

Allocating common symbols
Common symbol       size              file

uwTick              0x4               ./Drivers/STM32F1xx_HAL_Driver/Src/stm32f1xx_hal.o
pFlash              0x20              ./Drivers/STM32F1xx_HAL_Driver/Src/stm32f1xx_hal_flash.o
Light_state_LR      0x4               ./Core/Src/input_processing.o
Light_state_BT      0x4               ./Core/Src/input_processing.o
htim2               0x48              ./Core/Src/main.o

Discarded input sections

 .text          0x0000000000000000        0x0 c:/st/stm32cubeide_1.7.0/stm32cubeide/plugins/com.st.stm32cube.ide.mcu.externaltools.gnu-tools-for-stm32.9-2020-q2-update.win32_2.0.0.202105311346/tools/bin/../lib/gcc/arm-none-eabi/9.3.1/thumb/v7-m/nofp/crti.o
 .data          0x0000000000000000        0x0 c:/st/stm32cubeide_1.7.0/stm32cubeide/plugins/com.st.stm32cube.ide.mcu.externaltools.gnu-tools-for-stm32.9-2020-q2-update.win32_2.0.0.202105311346/tools/bin/../lib/gcc/arm-none-eabi/9.3.1/thumb/v7-m/nofp/crti.o
 .bss           0x0000000000000000        0x0 c:/st/stm32cubeide_1.7.0/stm32cubeide/plugins/com.st.stm32cube.ide.mcu.externaltools.gnu-tools-for-stm32.9-2020-q2-update.win32_2.0.0.202105311346/tools/bin/../lib/gcc/arm-none-eabi/9.3.1/thumb/v7-m/nofp/crti.o
 .data          0x0000000000000000        0x4 c:/st/stm32cubeide_1.7.0/stm32cubeide/plugins/com.st.stm32cube.ide.mcu.externaltools.gnu-tools-for-stm32.9-2020-q2-update.win32_2.0.0.202105311346/tools/bin/../lib/gcc/arm-none-eabi/9.3.1/thumb/v7-m/nofp/crtbegin.o
 .text          0x0000000000000000       0x7c c:/st/stm32cubeide_1.7.0/stm32cubeide/plugins/com.st.stm32cube.ide.mcu.externaltools.gnu-tools-for-stm32.9-2020-q2-update.win32_2.0.0.202105311346/tools/bin/../lib/gcc/arm-none-eabi/9.3.1/../../../../arm-none-eabi/lib/thumb/v7-m/nofp/crt0.o
 .data          0x0000000000000000        0x0 c:/st/stm32cubeide_1.7.0/stm32cubeide/plugins/com.st.stm32cube.ide.mcu.externaltools.gnu-tools-for-stm32.9-2020-q2-update.win32_2.0.0.202105311346/tools/bin/../lib/gcc/arm-none-eabi/9.3.1/../../../../arm-none-eabi/lib/thumb/v7-m/nofp/crt0.o
 .bss           0x0000000000000000        0x0 c:/st/stm32cubeide_1.7.0/stm32cubeide/plugins/com.st.stm32cube.ide.mcu.externaltools.gnu-tools-for-stm32.9-2020-q2-update.win32_2.0.0.202105311346/tools/bin/../lib/gcc/arm-none-eabi/9.3.1/../../../../arm-none-eabi/lib/thumb/v7-m/nofp/crt0.o
[...]
Memory Configuration

Name             Origin             Length             Attributes
RAM              0x0000000020000000 0x0000000000002800 xrw
FLASH            0x0000000008000000 0x0000000000008000 xr
*default*        0x0000000000000000 0xffffffffffffffff

Linker script and memory map

LOAD c:/st/stm32cubeide_1.7.0/stm32cubeide/plugins/com.st.stm32cube.ide.mcu.externaltools.gnu-tools-for-stm32.9-2020-q2-update.win32_2.0.0.202105311346/tools/bin/../lib/gcc/arm-none-eabi/9.3.1/thumb/v7-m/nofp/crti.o
LOAD c:/st/stm32cubeide_1.7.0/stm32cubeide/plugins/com.st.stm32cube.ide.mcu.externaltools.gnu-tools-for-stm32.9-2020-q2-update.win32_2.0.0.202105311346/tools/bin/../lib/gcc/arm-none-eabi/9.3.1/thumb/v7-m/nofp/crtbegin.o
LOAD c:/st/stm32cubeide_1.7.0/stm32cubeide/plugins/com.st.stm32cube.ide.mcu.externaltools.gnu-tools-for-stm32.9-2020-q2-update.win32_2.0.0.202105311346/tools/bin/../lib/gcc/arm-none-eabi/9.3.1/../../../../arm-none-eabi/lib/thumb/v7-m/nofp/crt0.o
LOAD ./Core/Src/button.o
LOAD ./Core/Src/display7seg.o
LOAD ./Core/Src/input_processing.o
LOAD ./Core/Src/input_reading.o
LOAD ./Core/Src/main.o
LOAD ./Core/Src/software_timer.o
LOAD ./Core/Src/stm32f1xx_hal_msp.o
LOAD ./Core/Src/stm32f1xx_it.o
LOAD ./Core/Src/syscalls.o
LOAD ./Core/Src/sysmem.o
LOAD ./Core/Src/system_stm32f1xx.o
LOAD ./Core/Src/traffic_light.o
LOAD ./Core/Startup/startup_stm32f103c6ux.o
LOAD ./Drivers/STM32F1xx_HAL_Driver/Src/stm32f1xx_hal.o
LOAD ./Drivers/STM32F1xx_HAL_Driver/Src/stm32f1xx_hal_cortex.o
LOAD ./Drivers/STM32F1xx_HAL_Driver/Src/stm32f1xx_hal_dma.o
LOAD ./Drivers/STM32F1xx_HAL_Driver/Src/stm32f1xx_hal_exti.o
LOAD ./Drivers/STM32F1xx_HAL_Driver/Src/stm32f1xx_hal_flash.o
LOAD ./Drivers/STM32F1xx_HAL_Driver/Src/stm32f1xx_hal_flash_ex.o
LOAD ./Drivers/STM32F1xx_HAL_Driver/Src/stm32f1xx_hal_gpio.o
LOAD ./Drivers/STM32F1xx_HAL_Driver/Src/stm32f1xx_hal_gpio_ex.o
LOAD ./Drivers/STM32F1xx_HAL_Driver/Src/stm32f1xx_hal_pwr.o
LOAD ./Drivers/STM32F1xx_HAL_Driver/Src/stm32f1xx_hal_rcc.o
LOAD ./Drivers/STM32F1xx_HAL_Driver/Src/stm32f1xx_hal_rcc_ex.o
LOAD ./Drivers/STM32F1xx_HAL_Driver/Src/stm32f1xx_hal_tim.o
LOAD ./Drivers/STM32F1xx_HAL_Driver/Src/stm32f1xx_hal_tim_ex.o
START GROUP
LOAD c:/st/stm32cubeide_1.7.0/stm32cubeide/plugins/com.st.stm32cube.ide.mcu.externaltools.gnu-tools-for-stm32.9-2020-q2-update.win32_2.0.0.202105311346/tools/bin/../lib/gcc/arm-none-eabi/9.3.1/../../../../arm-none-eabi/lib/thumb/v7-m/nofp\libc_nano.a
LOAD c:/st/stm32cubeide_1.7.0/stm32cubeide/plugins/com.st.stm32cube.ide.mcu.externaltools.gnu-tools-for-stm32.9-2020-q2-update.win32_2.0.0.202105311346/tools/bin/../lib/gcc/arm-none-eabi/9.3.1/../../../../arm-none-eabi/lib/thumb/v7-m/nofp\libm.a
END GROUP
START GROUP
LOAD c:/st/stm32cubeide_1.7.0/stm32cubeide/plugins/com.st.stm32cube.ide.mcu.externaltools.gnu-tools-for-stm32.9-2020-q2-update.win32_2.0.0.202105311346/tools/bin/../lib/gcc/arm-none-eabi/9.3.1/thumb/v7-m/nofp\libgcc.a
LOAD c:/st/stm32cubeide_1.7.0/stm32cubeide/plugins/com.st.stm32cube.ide.mcu.externaltools.gnu-tools-for-stm32.9-2020-q2-update.win32_2.0.0.202105311346/tools/bin/../lib/gcc/arm-none-eabi/9.3.1/../../../../arm-none-eabi/lib/thumb/v7-m/nofp\libc_nano.a
END GROUP
START GROUP
LOAD c:/st/stm32cubeide_1.7.0/stm32cubeide/plugins/com.st.stm32cube.ide.mcu.externaltools.gnu-tools-for-stm32.9-2020-q2-update.win32_2.0.0.202105311346/tools/bin/../lib/gcc/arm-none-eabi/9.3.1/thumb/v7-m/nofp\libgcc.a
LOAD c:/st/stm32cubeide_1.7.0/stm32cubeide/plugins/com.st.stm32cube.ide.mcu.externaltools.gnu-tools-for-stm32.9-2020-q2-update.win32_2.0.0.202105311346/tools/bin/../lib/gcc/arm-none-eabi/9.3.1/../../../../arm-none-eabi/lib/thumb/v7-m/nofp\libc_nano.a
LOAD c:/st/stm32cubeide_1.7.0/stm32cubeide/plugins/com.st.stm32cube.ide.mcu.externaltools.gnu-tools-for-stm32.9-2020-q2-update.win32_2.0.0.202105311346/tools/bin/../lib/gcc/arm-none-eabi/9.3.1/../../../../arm-none-eabi/lib/thumb/v7-m/nofp\libnosys.a
END GROUP
START GROUP
LOAD c:/st/stm32cubeide_1.7.0/stm32cubeide/plugins/com.st.stm32cube.ide.mcu.externaltools.gnu-tools-for-stm32.9-2020-q2-update.win32_2.0.0.202105311346/tools/bin/../lib/gcc/arm-none-eabi/9.3.1/thumb/v7-m/nofp\libgcc.a
LOAD c:/st/stm32cubeide_1.7.0/stm32cubeide/plugins/com.st.stm32cube.ide.mcu.externaltools.gnu-tools-for-stm32.9-2020-q2-update.win32_2.0.0.202105311346/tools/bin/../lib/gcc/arm-none-eabi/9.3.1/../../../../arm-none-eabi/lib/thumb/v7-m/nofp\libc_nano.a
LOAD c:/st/stm32cubeide_1.7.0/stm32cubeide/plugins/com.st.stm32cube.ide.mcu.externaltools.gnu-tools-for-stm32.9-2020-q2-update.win32_2.0.0.202105311346/tools/bin/../lib/gcc/arm-none-eabi/9.3.1/../../../../arm-none-eabi/lib/thumb/v7-m/nofp\libnosys.a
END GROUP
LOAD c:/st/stm32cubeide_1.7.0/stm32cubeide/plugins/com.st.stm32cube.ide.mcu.externaltools.gnu-tools-for-stm32.9-2020-q2-update.win32_2.0.0.202105311346/tools/bin/../lib/gcc/arm-none-eabi/9.3.1/thumb/v7-m/nofp/crtend.o
LOAD c:/st/stm32cubeide_1.7.0/stm32cubeide/plugins/com.st.stm32cube.ide.mcu.externaltools.gnu-tools-for-stm32.9-2020-q2-update.win32_2.0.0.202105311346/tools/bin/../lib/gcc/arm-none-eabi/9.3.1/thumb/v7-m/nofp/crtn.o
                0x0000000020002800                _estack = (ORIGIN (RAM) + LENGTH (RAM))
                0x0000000000000200                _Min_Heap_Size = 0x200
                0x0000000000000400                _Min_Stack_Size = 0x400

.isr_vector     0x0000000008000000      0x10c
                0x0000000008000000                . = ALIGN (0x4)
 *(.isr_vector)
 .isr_vector    0x0000000008000000      0x10c ./Core/Startup/startup_stm32f103c6ux.o
                0x0000000008000000                g_pfnVectors
                0x000000000800010c                . = ALIGN (0x4)

.text           0x000000000800010c     0x3058
                0x000000000800010c                . = ALIGN (0x4)
 *(.text)
 .text          0x000000000800010c       0x40 c:/st/stm32cubeide_1.7.0/stm32cubeide/plugins/com.st.stm32cube.ide.mcu.externaltools.gnu-tools-for-stm32.9-2020-q2-update.win32_2.0.0.202105311346/tools/bin/../lib/gcc/arm-none-eabi/9.3.1/thumb/v7-m/nofp/crtbegin.o
 *(.text*)
 .text.isBUTTON1Pressed
                0x000000000800014c       0x24 ./Core/Src/button.o
                0x000000000800014c                isBUTTON1Pressed
 .text.isBUTTON2Pressed
                0x0000000008000170       0x24 ./Core/Src/button.o
                0x0000000008000170                isBUTTON2Pressed
 .text.isBUTTON3Pressed
                0x0000000008000194       0x24 ./Core/Src/button.o
                0x0000000008000194                isBUTTON3Pressed
 .text.subBUTTON1Process
                0x00000000080001b8       0x18 ./Core/Src/button.o
                0x00000000080001b8                subBUTTON1Process
 .text.subBUTTON2Process
                0x00000000080001d0       0x18 ./Core/Src/button.o
                0x00000000080001d0                subBUTTON2Process
 .text.subBUTTON3Process
                0x00000000080001e8       0x18 ./Core/Src/button.o
                0x00000000080001e8                subBUTTON3Process
 .text.getBUTTON1Input
                0x0000000008000200       0xa8 ./Core/Src/button.o
                0x0000000008000200                getBUTTON1Input
 .text.getBUTTON2Input
                0x00000000080002a8       0xa8 ./Core/Src/button.o
                0x00000000080002a8                getBUTTON2Input
 .text.getBUTTON3Input
                0x0000000008000350       0xa8 ./Core/Src/button.o
                0x0000000008000350                getBUTTON3Input
 .text.display7SEG_1
                0x00000000080003f8      0x244 ./Core/Src/display7seg.o
                0x00000000080003f8                display7SEG_1
 .text.display7SEG_2
                0x000000000800063c      0x1f4 ./Core/Src/display7seg.o
                0x000000000800063c                display7SEG_2
 .text.display7SEG_3
                0x0000000008000830      0x1f4 ./Core/Src/display7seg.o
                0x0000000008000830                display7SEG_3
 .text.display7SEG_4
                0x0000000008000a24      0x244 ./Core/Src/display7seg.o
                0x0000000008000a24                display7SEG_4
 .text.display7SEG_mode
                0x0000000008000c68      0x100 ./Core/Src/display7seg.o
                0x0000000008000c68                display7SEG_mode
 .text.fsm_for_input_processing
                0x0000000008000d68      0x4d4 ./Core/Src/input_processing.o
                0x0000000008000d68                fsm_for_input_processing
 .text.main     0x000000000800123c       0x30 ./Core/Src/main.o
                0x000000000800123c                main
 .text.SystemClock_Config
                0x000000000800126c       0x76 ./Core/Src/main.o
                0x000000000800126c                SystemClock_Config
 *fill*         0x00000000080012e2        0x2 
 .text.MX_TIM2_Init
                0x00000000080012e4       0x98 ./Core/Src/main.o
 .text.MX_GPIO_Init
                0x000000000800137c       0xc8 ./Core/Src/main.o
 .text.HAL_TIM_PeriodElapsedCallback
                0x0000000008001444       0x2a ./Core/Src/main.o
                0x0000000008001444                HAL_TIM_PeriodElapsedCallback
 .text.Error_Handler
                0x000000000800146e        0xa ./Core/Src/main.o
                0x000000000800146e                Error_Handler
 .text.setTimer0
                0x0000000008001478       0x28 ./Core/Src/software_timer.o
                0x0000000008001478                setTimer0
 .text.timer_run
                0x00000000080014a0      0x174 ./Core/Src/software_timer.o
                0x00000000080014a0                timer_run
 .text.HAL_MspInit
                0x0000000008001614       0x64 ./Core/Src/stm32f1xx_hal_msp.o
                0x0000000008001614                HAL_MspInit
 .text.HAL_TIM_Base_MspInit
                0x0000000008001678       0x48 ./Core/Src/stm32f1xx_hal_msp.o
                0x0000000008001678                HAL_TIM_Base_MspInit
 .text.NMI_Handler
                0x00000000080016c0        0x6 ./Core/Src/stm32f1xx_it.o
                0x00000000080016c0                NMI_Handler
 .text.HardFault_Handler
                0x00000000080016c6        0x6 ./Core/Src/stm32f1xx_it.o
                0x00000000080016c6                HardFault_Handler
 .text.MemManage_Handler
                0x00000000080016cc        0x6 ./Core/Src/stm32f1xx_it.o
                0x00000000080016cc                MemManage_Handler
 .text.BusFault_Handler
                0x00000000080016d2        0x6 ./Core/Src/stm32f1xx_it.o
                0x00000000080016d2                BusFault_Handler
 .text.UsageFault_Handler
                0x00000000080016d8        0x6 ./Core/Src/stm32f1xx_it.o
                0x00000000080016d8                UsageFault_Handler
 .text.SVC_Handler
                0x00000000080016de        0xc ./Core/Src/stm32f1xx_it.o
                0x00000000080016de                SVC_Handler
 .text.DebugMon_Handler
                0x00000000080016ea        0xc ./Core/Src/stm32f1xx_it.o
                0x00000000080016ea                DebugMon_Handler
 .text.PendSV_Handler
                0x00000000080016f6        0xc ./Core/Src/stm32f1xx_it.o
                0x00000000080016f6                PendSV_Handler
 .text.SysTick_Handler
                0x0000000008001702        0xc ./Core/Src/stm32f1xx_it.o
                0x0000000008001702                SysTick_Handler
 *fill*         0x000000000800170e        0x2 
 .text.TIM2_IRQHandler
                0x0000000008001710       0x14 ./Core/Src/stm32f1xx_it.o
                0x0000000008001710                TIM2_IRQHandler
 .text.SystemInit
                0x0000000008001724        0xc ./Core/Src/system_stm32f1xx.o
                0x0000000008001724                SystemInit
 .text.Traffic_Light_Init
                0x0000000008001730       0x20 ./Core/Src/traffic_light.o
                0x0000000008001730                Traffic_Light_Init
 .text.Traffic_Light_Update_12
                0x0000000008001750      0x1ac ./Core/Src/traffic_light.o
                0x0000000008001750                Traffic_Light_Update_12
 .text.Traffic_Light_Update_34
                0x00000000080018fc      0x1b0 ./Core/Src/traffic_light.o
                0x00000000080018fc                Traffic_Light_Update_34
 .text.Reset_Handler
                0x0000000008001aac       0x48 ./Core/Startup/startup_stm32f103c6ux.o
                0x0000000008001aac                Reset_Handler
 .text.Default_Handler
                0x0000000008001af4        0x2 ./Core/Startup/startup_stm32f103c6ux.o
                0x0000000008001af4                RTC_Alarm_IRQHandler
                0x0000000008001af4                EXTI2_IRQHandler
                0x0000000008001af4                TIM1_CC_IRQHandler
                0x0000000008001af4                PVD_IRQHandler
                0x0000000008001af4                EXTI3_IRQHandler
                0x0000000008001af4                EXTI0_IRQHandler
                0x0000000008001af4                ADC1_2_IRQHandler
                0x0000000008001af4                SPI1_IRQHandler
                0x0000000008001af4                TAMPER_IRQHandler
                0x0000000008001af4                DMA1_Channel4_IRQHandler
                0x0000000008001af4                RTC_IRQHandler
                0x0000000008001af4                DMA1_Channel7_IRQHandler
                0x0000000008001af4                CAN1_RX1_IRQHandler
                0x0000000008001af4                I2C1_EV_IRQHandler
                0x0000000008001af4                DMA1_Channel6_IRQHandler
                0x0000000008001af4                TIM3_IRQHandler
                0x0000000008001af4                RCC_IRQHandler
                0x0000000008001af4                TIM1_TRG_COM_IRQHandler
                0x0000000008001af4                DMA1_Channel1_IRQHandler
                0x0000000008001af4                Default_Handler
                0x0000000008001af4                EXTI15_10_IRQHandler
                0x0000000008001af4                EXTI9_5_IRQHandler
                0x0000000008001af4                DMA1_Channel5_IRQHandler
                0x0000000008001af4                EXTI4_IRQHandler
                0x0000000008001af4                USB_LP_CAN1_RX0_IRQHandler
                0x0000000008001af4                USB_HP_CAN1_TX_IRQHandler
                0x0000000008001af4                DMA1_Channel3_IRQHandler
                0x0000000008001af4                TIM1_UP_IRQHandler
                0x0000000008001af4                WWDG_IRQHandler
                0x0000000008001af4                TIM1_BRK_IRQHandler
                0x0000000008001af4                EXTI1_IRQHandler
                0x0000000008001af4                USART2_IRQHandler
                0x0000000008001af4                DMA1_Channel2_IRQHandler
                0x0000000008001af4                CAN1_SCE_IRQHandler
                0x0000000008001af4                FLASH_IRQHandler
                0x0000000008001af4                USART1_IRQHandler
                0x0000000008001af4                I2C1_ER_IRQHandler
                0x0000000008001af4                USBWakeUp_IRQHandler
 *fill*         0x0000000008001af6        0x2 
 .text.HAL_Init
                0x0000000008001af8       0x2c ./Drivers/STM32F1xx_HAL_Driver/Src/stm32f1xx_hal.o
                0x0000000008001af8                HAL_Init
 .text.HAL_InitTick
                0x0000000008001b24       0x60 ./Drivers/STM32F1xx_HAL_Driver/Src/stm32f1xx_hal.o
                0x0000000008001b24                HAL_InitTick
 .text.HAL_IncTick
                0x0000000008001b84       0x24 ./Drivers/STM32F1xx_HAL_Driver/Src/stm32f1xx_hal.o
                0x0000000008001b84                HAL_IncTick
 .text.HAL_GetTick
                0x0000000008001ba8       0x14 ./Drivers/STM32F1xx_HAL_Driver/Src/stm32f1xx_hal.o
                0x0000000008001ba8                HAL_GetTick
 .text.__NVIC_SetPriorityGrouping
                0x0000000008001bbc       0x48 ./Drivers/STM32F1xx_HAL_Driver/Src/stm32f1xx_hal_cortex.o
 .text.__NVIC_GetPriorityGrouping
                0x0000000008001c04       0x1c ./Drivers/STM32F1xx_HAL_Driver/Src/stm32f1xx_hal_cortex.o
 .text.__NVIC_EnableIRQ
                0x0000000008001c20       0x38 ./Drivers/STM32F1xx_HAL_Driver/Src/stm32f1xx_hal_cortex.o
 .text.__NVIC_SetPriority
                0x0000000008001c58       0x54 ./Drivers/STM32F1xx_HAL_Driver/Src/stm32f1xx_hal_cortex.o
 .text.NVIC_EncodePriority
                0x0000000008001cac       0x64 ./Drivers/STM32F1xx_HAL_Driver/Src/stm32f1xx_hal_cortex.o
 .text.SysTick_Config
                0x0000000008001d10       0x44 ./Drivers/STM32F1xx_HAL_Driver/Src/stm32f1xx_hal_cortex.o
 .text.HAL_NVIC_SetPriorityGrouping
                0x0000000008001d54       0x16 ./Drivers/STM32F1xx_HAL_Driver/Src/stm32f1xx_hal_cortex.o
                0x0000000008001d54                HAL_NVIC_SetPriorityGrouping
 .text.HAL_NVIC_SetPriority
                0x0000000008001d6a       0x38 ./Drivers/STM32F1xx_HAL_Driver/Src/stm32f1xx_hal_cortex.o
                0x0000000008001d6a                HAL_NVIC_SetPriority
 .text.HAL_NVIC_EnableIRQ
                0x0000000008001da2       0x1c ./Drivers/STM32F1xx_HAL_Driver/Src/stm32f1xx_hal_cortex.o
                0x0000000008001da2                HAL_NVIC_EnableIRQ
 .text.HAL_SYSTICK_Config
                0x0000000008001dbe       0x18 ./Drivers/STM32F1xx_HAL_Driver/Src/stm32f1xx_hal_cortex.o
                0x0000000008001dbe                HAL_SYSTICK_Config
 *fill*         0x0000000008001dd6        0x2 
 .text.HAL_GPIO_Init
                0x0000000008001dd8      0x2f4 ./Drivers/STM32F1xx_HAL_Driver/Src/stm32f1xx_hal_gpio.o
                0x0000000008001dd8                HAL_GPIO_Init
 .text.HAL_GPIO_ReadPin
                0x00000000080020cc       0x2e ./Drivers/STM32F1xx_HAL_Driver/Src/stm32f1xx_hal_gpio.o
                0x00000000080020cc                HAL_GPIO_ReadPin
 .text.HAL_GPIO_WritePin
                0x00000000080020fa       0x30 ./Drivers/STM32F1xx_HAL_Driver/Src/stm32f1xx_hal_gpio.o
                0x00000000080020fa                HAL_GPIO_WritePin
 .text.HAL_GPIO_TogglePin
                0x000000000800212a       0x32 ./Drivers/STM32F1xx_HAL_Driver/Src/stm32f1xx_hal_gpio.o
                0x000000000800212a                HAL_GPIO_TogglePin
 .text.HAL_RCC_OscConfig
                0x000000000800215c      0x500 ./Drivers/STM32F1xx_HAL_Driver/Src/stm32f1xx_hal_rcc.o
                0x000000000800215c                HAL_RCC_OscConfig
 .text.HAL_RCC_ClockConfig
                0x000000000800265c      0x1d4 ./Drivers/STM32F1xx_HAL_Driver/Src/stm32f1xx_hal_rcc.o
                0x000000000800265c                HAL_RCC_ClockConfig
 .text.HAL_RCC_GetSysClockFreq
                0x0000000008002830       0xc0 ./Drivers/STM32F1xx_HAL_Driver/Src/stm32f1xx_hal_rcc.o
                0x0000000008002830                HAL_RCC_GetSysClockFreq
 .text.RCC_Delay
                0x00000000080028f0       0x3c ./Drivers/STM32F1xx_HAL_Driver/Src/stm32f1xx_hal_rcc.o
 .text.HAL_TIM_Base_Init
                0x000000000800292c       0x9e ./Drivers/STM32F1xx_HAL_Driver/Src/stm32f1xx_hal_tim.o
                0x000000000800292c                HAL_TIM_Base_Init
 *fill*         0x00000000080029ca        0x2 
 .text.HAL_TIM_Base_Start_IT
                0x00000000080029cc       0x98 ./Drivers/STM32F1xx_HAL_Driver/Src/stm32f1xx_hal_tim.o
                0x00000000080029cc                HAL_TIM_Base_Start_IT
 .text.HAL_TIM_IRQHandler
                0x0000000008002a64      0x210 ./Drivers/STM32F1xx_HAL_Driver/Src/stm32f1xx_hal_tim.o
                0x0000000008002a64                HAL_TIM_IRQHandler
 .text.HAL_TIM_ConfigClockSource
                0x0000000008002c74      0x188 ./Drivers/STM32F1xx_HAL_Driver/Src/stm32f1xx_hal_tim.o
                0x0000000008002c74                HAL_TIM_ConfigClockSource
 .text.HAL_TIM_OC_DelayElapsedCallback
                0x0000000008002dfc       0x12 ./Drivers/STM32F1xx_HAL_Driver/Src/stm32f1xx_hal_tim.o
                0x0000000008002dfc                HAL_TIM_OC_DelayElapsedCallback
 .text.HAL_TIM_IC_CaptureCallback
                0x0000000008002e0e       0x12 ./Drivers/STM32F1xx_HAL_Driver/Src/stm32f1xx_hal_tim.o
                0x0000000008002e0e                HAL_TIM_IC_CaptureCallback
 .text.HAL_TIM_PWM_PulseFinishedCallback
                0x0000000008002e20       0x12 ./Drivers/STM32F1xx_HAL_Driver/Src/stm32f1xx_hal_tim.o
                0x0000000008002e20                HAL_TIM_PWM_PulseFinishedCallback
 .text.HAL_TIM_TriggerCallback
                0x0000000008002e32       0x12 ./Drivers/STM32F1xx_HAL_Driver/Src/stm32f1xx_hal_tim.o
                0x0000000008002e32                HAL_TIM_TriggerCallback
 .text.TIM_Base_SetConfig
                0x0000000008002e44       0xb0 ./Drivers/STM32F1xx_HAL_Driver/Src/stm32f1xx_hal_tim.o
                0x0000000008002e44                TIM_Base_SetConfig
 .text.TIM_TI1_ConfigInputStage
                0x0000000008002ef4       0x5c ./Drivers/STM32F1xx_HAL_Driver/Src/stm32f1xx_hal_tim.o
 .text.TIM_TI2_ConfigInputStage
                0x0000000008002f50       0x5e ./Drivers/STM32F1xx_HAL_Driver/Src/stm32f1xx_hal_tim.o
 .text.TIM_ITRx_SetConfig
                0x0000000008002fae       0x34 ./Drivers/STM32F1xx_HAL_Driver/Src/stm32f1xx_hal_tim.o
 .text.TIM_ETR_SetConfig
                0x0000000008002fe2       0x3e ./Drivers/STM32F1xx_HAL_Driver/Src/stm32f1xx_hal_tim.o
                0x0000000008002fe2                TIM_ETR_SetConfig
 .text.HAL_TIMEx_MasterConfigSynchronization
                0x0000000008003020       0xb0 ./Drivers/STM32F1xx_HAL_Driver/Src/stm32f1xx_hal_tim_ex.o
                0x0000000008003020                HAL_TIMEx_MasterConfigSynchronization
 .text.HAL_TIMEx_CommutCallback
                0x00000000080030d0       0x12 ./Drivers/STM32F1xx_HAL_Driver/Src/stm32f1xx_hal_tim_ex.o
                0x00000000080030d0                HAL_TIMEx_CommutCallback
 .text.HAL_TIMEx_BreakCallback
                0x00000000080030e2       0x12 ./Drivers/STM32F1xx_HAL_Driver/Src/stm32f1xx_hal_tim_ex.o
                0x00000000080030e2                HAL_TIMEx_BreakCallback
 .text.__libc_init_array
                0x00000000080030f4       0x48 c:/st/stm32cubeide_1.7.0/stm32cubeide/plugins/com.st.stm32cube.ide.mcu.externaltools.gnu-tools-for-stm32.9-2020-q2-update.win32_2.0.0.202105311346/tools/bin/../lib/gcc/arm-none-eabi/9.3.1/../../../../arm-none-eabi/lib/thumb/v7-m/nofp\libc_nano.a(lib_a-init.o)
                0x00000000080030f4                __libc_init_array
 .text.memset   0x000000000800313c       0x10 c:/st/stm32cubeide_1.7.0/stm32cubeide/plugins/com.st.stm32cube.ide.mcu.externaltools.gnu-tools-for-stm32.9-2020-q2-update.win32_2.0.0.202105311346/tools/bin/../lib/gcc/arm-none-eabi/9.3.1/../../../../arm-none-eabi/lib/thumb/v7-m/nofp\libc_nano.a(lib_a-memset.o)
                0x000000000800313c                memset
 *(.glue_7)
 .glue_7        0x000000000800314c        0x0 linker stubs
 *(.glue_7t)
 .glue_7t       0x000000000800314c        0x0 linker stubs
 *(.eh_frame)
 .eh_frame      0x000000000800314c        0x0 c:/st/stm32cubeide_1.7.0/stm32cubeide/plugins/com.st.stm32cube.ide.mcu.externaltools.gnu-tools-for-stm32.9-2020-q2-update.win32_2.0.0.202105311346/tools/bin/../lib/gcc/arm-none-eabi/9.3.1/thumb/v7-m/nofp/crtbegin.o
 *(.init)
 .init          0x000000000800314c        0x4 c:/st/stm32cubeide_1.7.0/stm32cubeide/plugins/com.st.stm32cube.ide.mcu.externaltools.gnu-tools-for-stm32.9-2020-q2-update.win32_2.0.0.202105311346/tools/bin/../lib/gcc/arm-none-eabi/9.3.1/thumb/v7-m/nofp/crti.o
                0x000000000800314c                _init
 .init          0x0000000008003150        0x8 c:/st/stm32cubeide_1.7.0/stm32cubeide/plugins/com.st.stm32cube.ide.mcu.externaltools.gnu-tools-for-stm32.9-2020-q2-update.win32_2.0.0.202105311346/tools/bin/../lib/gcc/arm-none-eabi/9.3.1/thumb/v7-m/nofp/crtn.o
 *(.fini)
 .fini          0x0000000008003158        0x4 c:/st/stm32cubeide_1.7.0/stm32cubeide/plugins/com.st.stm32cube.ide.mcu.externaltools.gnu-tools-for-stm32.9-2020-q2-update.win32_2.0.0.202105311346/tools/bin/../lib/gcc/arm-none-eabi/9.3.1/thumb/v7-m/nofp/crti.o
                0x0000000008003158                _fini
 .fini          0x000000000800315c        0x8 c:/st/stm32cubeide_1.7.0/stm32cubeide/plugins/com.st.stm32cube.ide.mcu.externaltools.gnu-tools-for-stm32.9-2020-q2-update.win32_2.0.0.202105311346/tools/bin/../lib/gcc/arm-none-eabi/9.3.1/thumb/v7-m/nofp/crtn.o
                0x0000000008003164                . = ALIGN (0x4)
                0x0000000008003164                _etext = .

.vfp11_veneer   0x0000000008003164        0x0
 .vfp11_veneer  0x0000000008003164        0x0 linker stubs

.v4_bx          0x0000000008003164        0x0
 .v4_bx         0x0000000008003164        0x0 linker stubs

.iplt           0x0000000008003164        0x0
 .iplt          0x0000000008003164        0x0 c:/st/stm32cubeide_1.7.0/stm32cubeide/plugins/com.st.stm32cube.ide.mcu.externaltools.gnu-tools-for-stm32.9-2020-q2-update.win32_2.0.0.202105311346/tools/bin/../lib/gcc/arm-none-eabi/9.3.1/thumb/v7-m/nofp/crtbegin.o

.rodata         0x0000000008003164       0x20
                0x0000000008003164                . = ALIGN (0x4)
 *(.rodata)
 .rodata        0x0000000008003164       0x10 ./Drivers/STM32F1xx_HAL_Driver/Src/stm32f1xx_hal_rcc.o
 *(.rodata*)
 .rodata.AHBPrescTable
                0x0000000008003174       0x10 ./Core/Src/system_stm32f1xx.o
                0x0000000008003174                AHBPrescTable
                0x0000000008003184                . = ALIGN (0x4)

.rel.dyn        0x0000000008003184        0x0
 .rel.iplt      0x0000000008003184        0x0 c:/st/stm32cubeide_1.7.0/stm32cubeide/plugins/com.st.stm32cube.ide.mcu.externaltools.gnu-tools-for-stm32.9-2020-q2-update.win32_2.0.0.202105311346/tools/bin/../lib/gcc/arm-none-eabi/9.3.1/thumb/v7-m/nofp/crtbegin.o

.ARM.extab      0x0000000008003184        0x0
                0x0000000008003184                . = ALIGN (0x4)
 *(.ARM.extab* .gnu.linkonce.armextab.*)
                0x0000000008003184                . = ALIGN (0x4)

.ARM            0x0000000008003184        0x0
                0x0000000008003184                . = ALIGN (0x4)
                0x0000000008003184                __exidx_start = .
 *(.ARM.exidx*)
                0x0000000008003184                __exidx_end = .
                0x0000000008003184                . = ALIGN (0x4)

.preinit_array  0x0000000008003184        0x0
                0x0000000008003184                . = ALIGN (0x4)
                0x0000000008003184                PROVIDE (__preinit_array_start = .)
 *(.preinit_array*)
                0x0000000008003184                PROVIDE (__preinit_array_end = .)
                0x0000000008003184                . = ALIGN (0x4)

.init_array     0x0000000008003184        0x4
                0x0000000008003184                . = ALIGN (0x4)
                0x0000000008003184                PROVIDE (__init_array_start = .)
 *(SORT_BY_NAME(.init_array.*))
 *(.init_array*)
 .init_array    0x0000000008003184        0x4 c:/st/stm32cubeide_1.7.0/stm32cubeide/plugins/com.st.stm32cube.ide.mcu.externaltools.gnu-tools-for-stm32.9-2020-q2-update.win32_2.0.0.202105311346/tools/bin/../lib/gcc/arm-none-eabi/9.3.1/thumb/v7-m/nofp/crtbegin.o
                0x0000000008003188                PROVIDE (__init_array_end = .)
                0x0000000008003188                . = ALIGN (0x4)

.fini_array     0x0000000008003188        0x4
                0x0000000008003188                . = ALIGN (0x4)
                [!provide]                        PROVIDE (__fini_array_start = .)
 *(SORT_BY_NAME(.fini_array.*))
 *(.fini_array*)
 .fini_array    0x0000000008003188        0x4 c:/st/stm32cubeide_1.7.0/stm32cubeide/plugins/com.st.stm32cube.ide.mcu.externaltools.gnu-tools-for-stm32.9-2020-q2-update.win32_2.0.0.202105311346/tools/bin/../lib/gcc/arm-none-eabi/9.3.1/thumb/v7-m/nofp/crtbegin.o
                [!provide]                        PROVIDE (__fini_array_end = .)
                0x000000000800318c                . = ALIGN (0x4)
                0x000000000800318c                _sidata = LOADADDR (.data)

.data           0x0000000020000000       0x60 load address 0x000000000800318c
                0x0000000020000000                . = ALIGN (0x4)
                0x0000000020000000                _sdata = .
 *(.data)
 *(.data*)
 .data.KeyReg0BUTTON1
                0x0000000020000000        0x4 ./Core/Src/button.o
                0x0000000020000000                KeyReg0BUTTON1
 .data.KeyReg1BUTTON1
                0x0000000020000004        0x4 ./Core/Src/button.o
                0x0000000020000004                KeyReg1BUTTON1
 .data.KeyReg2BUTTON1
                0x0000000020000008        0x4 ./Core/Src/button.o
                0x0000000020000008                KeyReg2BUTTON1
 .data.KeyReg3BUTTON1
                0x000000002000000c        0x4 ./Core/Src/button.o
                0x000000002000000c                KeyReg3BUTTON1
 .data.KeyReg0BUTTON2
                0x0000000020000010        0x4 ./Core/Src/button.o
                0x0000000020000010                KeyReg0BUTTON2
 .data.KeyReg1BUTTON2
                0x0000000020000014        0x4 ./Core/Src/button.o
                0x0000000020000014                KeyReg1BUTTON2
 .data.KeyReg2BUTTON2
                0x0000000020000018        0x4 ./Core/Src/button.o
                0x0000000020000018                KeyReg2BUTTON2
 .data.KeyReg3BUTTON2
                0x000000002000001c        0x4 ./Core/Src/button.o
                0x000000002000001c                KeyReg3BUTTON2
 .data.TimerForBUTTON2Press
                0x0000000020000020        0x4 ./Core/Src/button.o
                0x0000000020000020                TimerForBUTTON2Press
 .data.KeyReg0BUTTON3
                0x0000000020000024        0x4 ./Core/Src/button.o
                0x0000000020000024                KeyReg0BUTTON3
 .data.KeyReg1BUTTON3
                0x0000000020000028        0x4 ./Core/Src/button.o
                0x0000000020000028                KeyReg1BUTTON3
 .data.KeyReg2BUTTON3
                0x000000002000002c        0x4 ./Core/Src/button.o
                0x000000002000002c                KeyReg2BUTTON3
 .data.KeyReg3BUTTON3
                0x0000000020000030        0x4 ./Core/Src/button.o
                0x0000000020000030                KeyReg3BUTTON3
 .data.TimerForBUTTON3Press
                0x0000000020000034        0x4 ./Core/Src/button.o
                0x0000000020000034                TimerForBUTTON3Press
 .data.red_duration
                0x0000000020000038        0x4 ./Core/Src/input_processing.o
                0x0000000020000038                red_duration
 .data.green_duration
                0x000000002000003c        0x4 ./Core/Src/input_processing.o
                0x000000002000003c                green_duration
 .data.yellow_duration
                0x0000000020000040        0x4 ./Core/Src/input_processing.o
                0x0000000020000040                yellow_duration
 .data.value_mode
                0x0000000020000044        0x4 ./Core/Src/input_processing.o
                0x0000000020000044                value_mode
 .data.status   0x0000000020000048        0x4 ./Core/Src/input_processing.o
                0x0000000020000048                status
 .data.SystemCoreClock
                0x000000002000004c        0x4 ./Core/Src/system_stm32f1xx.o
                0x000000002000004c                SystemCoreClock
 .data.Time_in_state_1
                0x0000000020000050        0x4 ./Core/Src/traffic_light.o
                0x0000000020000050                Time_in_state_1
 .data.Time_in_state_2
                0x0000000020000054        0x4 ./Core/Src/traffic_light.o
                0x0000000020000054                Time_in_state_2
 .data.uwTickPrio
                0x0000000020000058        0x4 ./Drivers/STM32F1xx_HAL_Driver/Src/stm32f1xx_hal.o
                0x0000000020000058                uwTickPrio
 .data.uwTickFreq
                0x000000002000005c        0x1 ./Drivers/STM32F1xx_HAL_Driver/Src/stm32f1xx_hal.o
                0x000000002000005c                uwTickFreq
 *(.RamFunc)
 *(.RamFunc*)
                0x0000000020000060                . = ALIGN (0x4)
 *fill*         0x000000002000005d        0x3 
                0x0000000020000060                _edata = .

.igot.plt       0x0000000020000060        0x0 load address 0x00000000080031ec
 .igot.plt      0x0000000020000060        0x0 c:/st/stm32cubeide_1.7.0/stm32cubeide/plugins/com.st.stm32cube.ide.mcu.externaltools.gnu-tools-for-stm32.9-2020-q2-update.win32_2.0.0.202105311346/tools/bin/../lib/gcc/arm-none-eabi/9.3.1/thumb/v7-m/nofp/crtbegin.o
                0x0000000020000060                . = ALIGN (0x4)

.bss            0x0000000020000060       0xcc load address 0x00000000080031ec
                0x0000000020000060                _sbss = .
                0x0000000020000060                __bss_start__ = _sbss
 *(.bss)
 .bss           0x0000000020000060       0x1c c:/st/stm32cubeide_1.7.0/stm32cubeide/plugins/com.st.stm32cube.ide.mcu.externaltools.gnu-tools-for-stm32.9-2020-q2-update.win32_2.0.0.202105311346/tools/bin/../lib/gcc/arm-none-eabi/9.3.1/thumb/v7-m/nofp/crtbegin.o
 *(.bss*)
 .bss.BUTTON1_flag
                0x000000002000007c        0x4 ./Core/Src/button.o
                0x000000002000007c                BUTTON1_flag
 .bss.TimerForBUTTON1Press
                0x0000000020000080        0x4 ./Core/Src/button.o
                0x0000000020000080                TimerForBUTTON1Press
 .bss.BUTTON2_flag
                0x0000000020000084        0x4 ./Core/Src/button.o
                0x0000000020000084                BUTTON2_flag
 .bss.BUTTON3_flag
                0x0000000020000088        0x4 ./Core/Src/button.o
                0x0000000020000088                BUTTON3_flag
 .bss.value_time_light
                0x000000002000008c        0x4 ./Core/Src/input_processing.o
                0x000000002000008c                value_time_light
 .bss.timer0_flag
                0x0000000020000090        0x4 ./Core/Src/software_timer.o
                0x0000000020000090                timer0_flag
 .bss.timer1_flag
                0x0000000020000094        0x4 ./Core/Src/software_timer.o
                0x0000000020000094                timer1_flag
 .bss.timer2_flag
                0x0000000020000098        0x4 ./Core/Src/software_timer.o
                0x0000000020000098                timer2_flag
 .bss.timer3_flag
                0x000000002000009c        0x4 ./Core/Src/software_timer.o
                0x000000002000009c                timer3_flag
 .bss.timer4_flag
                0x00000000200000a0        0x4 ./Core/Src/software_timer.o
                0x00000000200000a0                timer4_flag
 .bss.timer5_flag
                0x00000000200000a4        0x4 ./Core/Src/software_timer.o
                0x00000000200000a4                timer5_flag
 .bss.timer6_flag
                0x00000000200000a8        0x4 ./Core/Src/software_timer.o
                0x00000000200000a8                timer6_flag
 .bss.timer7_flag
                0x00000000200000ac        0x4 ./Core/Src/software_timer.o
                0x00000000200000ac                timer7_flag
 .bss.timer8_flag
                0x00000000200000b0        0x4 ./Core/Src/software_timer.o
                0x00000000200000b0                timer8_flag
 .bss.timer0_counter
                0x00000000200000b4        0x4 ./Core/Src/software_timer.o
                0x00000000200000b4                timer0_counter
 .bss.timer1_counter
                0x00000000200000b8        0x4 ./Core/Src/software_timer.o
                0x00000000200000b8                timer1_counter
 .bss.timer2_counter
                0x00000000200000bc        0x4 ./Core/Src/software_timer.o
                0x00000000200000bc                timer2_counter
 .bss.timer3_counter
                0x00000000200000c0        0x4 ./Core/Src/software_timer.o
                0x00000000200000c0                timer3_counter
 .bss.timer4_counter
                0x00000000200000c4        0x4 ./Core/Src/software_timer.o
                0x00000000200000c4                timer4_counter
 .bss.timer5_counter
                0x00000000200000c8        0x4 ./Core/Src/software_timer.o
                0x00000000200000c8                timer5_counter
 .bss.timer6_counter
                0x00000000200000cc        0x4 ./Core/Src/software_timer.o
                0x00000000200000cc                timer6_counter
 .bss.timer7_counter
                0x00000000200000d0        0x4 ./Core/Src/software_timer.o
                0x00000000200000d0                timer7_counter
 .bss.timer8_counter
                0x00000000200000d4        0x4 ./Core/Src/software_timer.o
                0x00000000200000d4                timer8_counter
 *(COMMON)
 COMMON         0x00000000200000d8        0x8 ./Core/Src/input_processing.o
                0x00000000200000d8                Light_state_LR
                0x00000000200000dc                Light_state_BT
 COMMON         0x00000000200000e0       0x48 ./Core/Src/main.o
                0x00000000200000e0                htim2
 COMMON         0x0000000020000128        0x4 ./Drivers/STM32F1xx_HAL_Driver/Src/stm32f1xx_hal.o
                0x0000000020000128                uwTick
                0x000000002000012c                . = ALIGN (0x4)
                0x000000002000012c                _ebss = .
                0x000000002000012c                __bss_end__ = _ebss

._user_heap_stack
                0x000000002000012c      0x604 load address 0x00000000080031ec
                0x0000000020000130                . = ALIGN (0x8)
 *fill*         0x000000002000012c        0x4 
                [!provide]                        PROVIDE (end = .)
                0x0000000020000130                PROVIDE (_end = .)
                0x0000000020000330                . = (. + _Min_Heap_Size)
 *fill*         0x0000000020000130      0x200 
                0x0000000020000730                . = (. + _Min_Stack_Size)
 *fill*         0x0000000020000330      0x400 
                0x0000000020000730                . = ALIGN (0x8)

/DISCARD/
 libc.a(*)
 libm.a(*)
 libgcc.a(*)

.ARM.attributes
                0x0000000000000000       0x29
 *(.ARM.attributes)
 .ARM.attributes
                0x0000000000000000       0x1d c:/st/stm32cubeide_1.7.0/stm32cubeide/plugins/com.st.stm32cube.ide.mcu.externaltools.gnu-tools-for-stm32.9-2020-q2-update.win32_2.0.0.202105311346/tools/bin/../lib/gcc/arm-none-eabi/9.3.1/thumb/v7-m/nofp/crti.o
 .ARM.attributes
                0x000000000000001d       0x2d c:/st/stm32cubeide_1.7.0/stm32cubeide/plugins/com.st.stm32cube.ide.mcu.externaltools.gnu-tools-for-stm32.9-2020-q2-update.win32_2.0.0.202105311346/tools/bin/../lib/gcc/arm-none-eabi/9.3.1/thumb/v7-m/nofp/crtbegin.o
 .ARM.attributes
                0x000000000000004a       0x2d ./Core/Src/button.o
 .ARM.attributes
                0x0000000000000077       0x2d ./Core/Src/display7seg.o
 .ARM.attributes
                0x00000000000000a4       0x2d ./Core/Src/input_processing.o
 .ARM.attributes
                0x00000000000000d1       0x2d ./Core/Src/main.o
 .ARM.attributes
                0x00000000000000fe       0x2d ./Core/Src/software_timer.o
 .ARM.attributes
                0x000000000000012b       0x2d ./Core/Src/stm32f1xx_hal_msp.o
 .ARM.attributes
                0x0000000000000158       0x2d ./Core/Src/stm32f1xx_it.o
 .ARM.attributes
                0x0000000000000185       0x2d ./Core/Src/system_stm32f1xx.o
 .ARM.attributes
                0x00000000000001b2       0x2d ./Core/Src/traffic_light.o
 .ARM.attributes
                0x00000000000001df       0x21 ./Core/Startup/startup_stm32f103c6ux.o
 .ARM.attributes
                0x0000000000000200       0x2d ./Drivers/STM32F1xx_HAL_Driver/Src/stm32f1xx_hal.o
 .ARM.attributes
                0x000000000000022d       0x2d ./Drivers/STM32F1xx_HAL_Driver/Src/stm32f1xx_hal_cortex.o
 .ARM.attributes
                0x000000000000025a       0x2d ./Drivers/STM32F1xx_HAL_Driver/Src/stm32f1xx_hal_gpio.o
 .ARM.attributes
                0x0000000000000287       0x2d ./Drivers/STM32F1xx_HAL_Driver/Src/stm32f1xx_hal_rcc.o
 .ARM.attributes
                0x00000000000002b4       0x2d ./Drivers/STM32F1xx_HAL_Driver/Src/stm32f1xx_hal_tim.o
 .ARM.attributes
                0x00000000000002e1       0x2d ./Drivers/STM32F1xx_HAL_Driver/Src/stm32f1xx_hal_tim_ex.o
 .ARM.attributes
                0x000000000000030e       0x2d c:/st/stm32cubeide_1.7.0/stm32cubeide/plugins/com.st.stm32cube.ide.mcu.externaltools.gnu-tools-for-stm32.9-2020-q2-update.win32_2.0.0.202105311346/tools/bin/../lib/gcc/arm-none-eabi/9.3.1/../../../../arm-none-eabi/lib/thumb/v7-m/nofp\libc_nano.a(lib_a-init.o)
 .ARM.attributes
                0x000000000000033b       0x2d c:/st/stm32cubeide_1.7.0/stm32cubeide/plugins/com.st.stm32cube.ide.mcu.externaltools.gnu-tools-for-stm32.9-2020-q2-update.win32_2.0.0.202105311346/tools/bin/../lib/gcc/arm-none-eabi/9.3.1/../../../../arm-none-eabi/lib/thumb/v7-m/nofp\libc_nano.a(lib_a-memset.o)
 .ARM.attributes
                0x0000000000000368       0x1d c:/st/stm32cubeide_1.7.0/stm32cubeide/plugins/com.st.stm32cube.ide.mcu.externaltools.gnu-tools-for-stm32.9-2020-q2-update.win32_2.0.0.202105311346/tools/bin/../lib/gcc/arm-none-eabi/9.3.1/thumb/v7-m/nofp/crtn.o
OUTPUT(Lab3_traffic.elf elf32-littlearm)
LOAD linker stubs
LOAD c:/st/stm32cubeide_1.7.0/stm32cubeide/plugins/com.st.stm32cube.ide.mcu.externaltools.gnu-tools-for-stm32.9-2020-q2-update.win32_2.0.0.202105311346/tools/bin/../lib/gcc/arm-none-eabi/9.3.1/../../../../arm-none-eabi/lib/thumb/v7-m/nofp\libc.a
LOAD c:/st/stm32cubeide_1.7.0/stm32cubeide/plugins/com.st.stm32cube.ide.mcu.externaltools.gnu-tools-for-stm32.9-2020-q2-update.win32_2.0.0.202105311346/tools/bin/../lib/gcc/arm-none-eabi/9.3.1/../../../../arm-none-eabi/lib/thumb/v7-m/nofp\libm.a
LOAD c:/st/stm32cubeide_1.7.0/stm32cubeide/plugins/com.st.stm32cube.ide.mcu.externaltools.gnu-tools-for-stm32.9-2020-q2-update.win32_2.0.0.202105311346/tools/bin/../lib/gcc/arm-none-eabi/9.3.1/thumb/v7-m/nofp\libgcc.a

.debug_info     0x0000000000000000     0x9624
 .debug_info    0x0000000000000000      0x49f ./Core/Src/button.o
 .debug_info    0x000000000000049f      0x2e9 ./Core/Src/display7seg.o
 .debug_info    0x0000000000000788      0x3d5 ./Core/Src/input_processing.o
 .debug_info    0x0000000000000b5d      0xcaa ./Core/Src/main.o
 .debug_info    0x0000000000001807      0x428 ./Core/Src/software_timer.o
 .debug_info    0x0000000000001c2f      0xa04 ./Core/Src/stm32f1xx_hal_msp.o
 .debug_info    0x0000000000002633      0x7b4 ./Core/Src/stm32f1xx_it.o
 .debug_info    0x0000000000002de7      0x2be ./Core/Src/system_stm32f1xx.o
 .debug_info    0x00000000000030a5      0x3aa ./Core/Src/traffic_light.o
 .debug_info    0x000000000000344f       0x22 ./Core/Startup/startup_stm32f103c6ux.o
 .debug_info    0x0000000000003471      0x74c ./Drivers/STM32F1xx_HAL_Driver/Src/stm32f1xx_hal.o
 .debug_info    0x0000000000003bbd      0xbbe ./Drivers/STM32F1xx_HAL_Driver/Src/stm32f1xx_hal_cortex.o
 .debug_info    0x000000000000477b      0x701 ./Drivers/STM32F1xx_HAL_Driver/Src/stm32f1xx_hal_gpio.o
 .debug_info    0x0000000000004e7c      0x88e ./Drivers/STM32F1xx_HAL_Driver/Src/stm32f1xx_hal_rcc.o
 .debug_info    0x000000000000570a     0x2a45 ./Drivers/STM32F1xx_HAL_Driver/Src/stm32f1xx_hal_tim.o
 .debug_info    0x000000000000814f     0x14d5 ./Drivers/STM32F1xx_HAL_Driver/Src/stm32f1xx_hal_tim_ex.o

.debug_abbrev   0x0000000000000000     0x1ace
 .debug_abbrev  0x0000000000000000      0x14a ./Core/Src/button.o
 .debug_abbrev  0x000000000000014a      0x152 ./Core/Src/display7seg.o
 .debug_abbrev  0x000000000000029c      0x11a ./Core/Src/input_processing.o
 .debug_abbrev  0x00000000000003b6      0x22c ./Core/Src/main.o
 .debug_abbrev  0x00000000000005e2      0x112 ./Core/Src/software_timer.o
 .debug_abbrev  0x00000000000006f4      0x1b7 ./Core/Src/stm32f1xx_hal_msp.o
 .debug_abbrev  0x00000000000008ab      0x176 ./Core/Src/stm32f1xx_it.o
 .debug_abbrev  0x0000000000000a21      0x14e ./Core/Src/system_stm32f1xx.o
 .debug_abbrev  0x0000000000000b6f      0x12e ./Core/Src/traffic_light.o
 .debug_abbrev  0x0000000000000c9d       0x12 ./Core/Startup/startup_stm32f103c6ux.o
 .debug_abbrev  0x0000000000000caf      0x1ed ./Drivers/STM32F1xx_HAL_Driver/Src/stm32f1xx_hal.o
 .debug_abbrev  0x0000000000000e9c      0x313 ./Drivers/STM32F1xx_HAL_Driver/Src/stm32f1xx_hal_cortex.o
 .debug_abbrev  0x00000000000011af      0x1e8 ./Drivers/STM32F1xx_HAL_Driver/Src/stm32f1xx_hal_gpio.o
 .debug_abbrev  0x0000000000001397      0x273 ./Drivers/STM32F1xx_HAL_Driver/Src/stm32f1xx_hal_rcc.o
 .debug_abbrev  0x000000000000160a      0x25e ./Drivers/STM32F1xx_HAL_Driver/Src/stm32f1xx_hal_tim.o
 .debug_abbrev  0x0000000000001868      0x266 ./Drivers/STM32F1xx_HAL_Driver/Src/stm32f1xx_hal_tim_ex.o

.debug_aranges  0x0000000000000000      0xa98
 .debug_aranges
                0x0000000000000000       0x70 ./Core/Src/button.o
 .debug_aranges
                0x0000000000000070       0x40 ./Core/Src/display7seg.o
 .debug_aranges
                0x00000000000000b0       0x20 ./Core/Src/input_processing.o
 .debug_aranges
                0x00000000000000d0       0x48 ./Core/Src/main.o
 .debug_aranges
                0x0000000000000118       0x68 ./Core/Src/software_timer.o
 .debug_aranges
                0x0000000000000180       0x30 ./Core/Src/stm32f1xx_hal_msp.o
 .debug_aranges
                0x00000000000001b0       0x68 ./Core/Src/stm32f1xx_it.o
 .debug_aranges
                0x0000000000000218       0x28 ./Core/Src/system_stm32f1xx.o
 .debug_aranges
                0x0000000000000240       0x30 ./Core/Src/traffic_light.o
 .debug_aranges
                0x0000000000000270       0x28 ./Core/Startup/startup_stm32f103c6ux.o
 .debug_aranges
                0x0000000000000298       0xe0 ./Drivers/STM32F1xx_HAL_Driver/Src/stm32f1xx_hal.o
 .debug_aranges
                0x0000000000000378      0x100 ./Drivers/STM32F1xx_HAL_Driver/Src/stm32f1xx_hal_cortex.o
 .debug_aranges
                0x0000000000000478       0x58 ./Drivers/STM32F1xx_HAL_Driver/Src/stm32f1xx_hal_gpio.o
 .debug_aranges
                0x00000000000004d0       0x90 ./Drivers/STM32F1xx_HAL_Driver/Src/stm32f1xx_hal_rcc.o
 .debug_aranges
                0x0000000000000560      0x3d0 ./Drivers/STM32F1xx_HAL_Driver/Src/stm32f1xx_hal_tim.o
 .debug_aranges
                0x0000000000000930      0x168 ./Drivers/STM32F1xx_HAL_Driver/Src/stm32f1xx_hal_tim_ex.o

.debug_ranges   0x0000000000000000      0x9a0
 .debug_ranges  0x0000000000000000       0x60 ./Core/Src/button.o
 .debug_ranges  0x0000000000000060       0x30 ./Core/Src/display7seg.o
 .debug_ranges  0x0000000000000090       0x10 ./Core/Src/input_processing.o
 .debug_ranges  0x00000000000000a0       0x38 ./Core/Src/main.o
 .debug_ranges  0x00000000000000d8       0x58 ./Core/Src/software_timer.o
 .debug_ranges  0x0000000000000130       0x20 ./Core/Src/stm32f1xx_hal_msp.o
 .debug_ranges  0x0000000000000150       0x58 ./Core/Src/stm32f1xx_it.o
 .debug_ranges  0x00000000000001a8       0x18 ./Core/Src/system_stm32f1xx.o
 .debug_ranges  0x00000000000001c0       0x20 ./Core/Src/traffic_light.o
 .debug_ranges  0x00000000000001e0       0x20 ./Core/Startup/startup_stm32f103c6ux.o
 .debug_ranges  0x0000000000000200       0xd0 ./Drivers/STM32F1xx_HAL_Driver/Src/stm32f1xx_hal.o
 .debug_ranges  0x00000000000002d0       0xf0 ./Drivers/STM32F1xx_HAL_Driver/Src/stm32f1xx_hal_cortex.o
 .debug_ranges  0x00000000000003c0       0x48 ./Drivers/STM32F1xx_HAL_Driver/Src/stm32f1xx_hal_gpio.o
 .debug_ranges  0x0000000000000408       0x80 ./Drivers/STM32F1xx_HAL_Driver/Src/stm32f1xx_hal_rcc.o
 .debug_ranges  0x0000000000000488      0x3c0 ./Drivers/STM32F1xx_HAL_Driver/Src/stm32f1xx_hal_tim.o
 .debug_ranges  0x0000000000000848      0x158 ./Drivers/STM32F1xx_HAL_Driver/Src/stm32f1xx_hal_tim_ex.o

.debug_macro    0x0000000000000000    0x16c45
 .debug_macro   0x0000000000000000      0x1ce ./Core/Src/button.o
 .debug_macro   0x00000000000001ce      0xa9c ./Core/Src/button.o
 .debug_macro   0x0000000000000c6a      0x215 ./Core/Src/button.o
 .debug_macro   0x0000000000000e7f       0x2e ./Core/Src/button.o
 .debug_macro   0x0000000000000ead       0x22 ./Core/Src/button.o
 .debug_macro   0x0000000000000ecf       0x22 ./Core/Src/button.o
 .debug_macro   0x0000000000000ef1       0x8e ./Core/Src/button.o
 .debug_macro   0x0000000000000f7f       0x51 ./Core/Src/button.o
 .debug_macro   0x0000000000000fd0      0x103 ./Core/Src/button.o
 .debug_macro   0x00000000000010d3       0x6a ./Core/Src/button.o
 .debug_macro   0x000000000000113d      0x1df ./Core/Src/button.o
 .debug_macro   0x000000000000131c       0x1c ./Core/Src/button.o
 .debug_macro   0x0000000000001338       0x22 ./Core/Src/button.o
 .debug_macro   0x000000000000135a       0xc3 ./Core/Src/button.o
 .debug_macro   0x000000000000141d      0xd23 ./Core/Src/button.o
 .debug_macro   0x0000000000002140     0xde75 ./Core/Src/button.o
 .debug_macro   0x000000000000ffb5       0x6d ./Core/Src/button.o
 .debug_macro   0x0000000000010022     0x3468 ./Core/Src/button.o
 .debug_macro   0x000000000001348a      0x174 ./Core/Src/button.o
 .debug_macro   0x00000000000135fe       0x5c ./Core/Src/button.o
 .debug_macro   0x000000000001365a      0x5be ./Core/Src/button.o
 .debug_macro   0x0000000000013c18      0x1b7 ./Core/Src/button.o
 .debug_macro   0x0000000000013dcf      0x1cb ./Core/Src/button.o
 .debug_macro   0x0000000000013f9a      0x114 ./Core/Src/button.o
 .debug_macro   0x00000000000140ae      0x1b2 ./Core/Src/button.o
 .debug_macro   0x0000000000014260       0x27 ./Core/Src/button.o
 .debug_macro   0x0000000000014287      0x12f ./Core/Src/button.o
 .debug_macro   0x00000000000143b6      0x1bc ./Core/Src/button.o
 .debug_macro   0x0000000000014572       0x34 ./Core/Src/button.o
 .debug_macro   0x00000000000145a6       0x3c ./Core/Src/button.o
 .debug_macro   0x00000000000145e2       0x57 ./Core/Src/button.o
 .debug_macro   0x0000000000014639       0x88 ./Core/Src/button.o
 .debug_macro   0x00000000000146c1      0x183 ./Core/Src/button.o
 .debug_macro   0x0000000000014844      0x141 ./Core/Src/button.o
 .debug_macro   0x0000000000014985      0x8d1 ./Core/Src/button.o
 .debug_macro   0x0000000000015256       0x69 ./Core/Src/button.o
 .debug_macro   0x00000000000152bf      0x160 ./Core/Src/button.o
 .debug_macro   0x000000000001541f       0x10 ./Core/Src/button.o
 .debug_macro   0x000000000001542f      0x1a7 ./Core/Src/display7seg.o
 .debug_macro   0x00000000000155d6      0x1e2 ./Core/Src/input_processing.o
 .debug_macro   0x00000000000157b8      0x1e2 ./Core/Src/main.o
 .debug_macro   0x000000000001599a      0x1b1 ./Core/Src/software_timer.o
 .debug_macro   0x0000000000015b4b      0x1a7 ./Core/Src/stm32f1xx_hal_msp.o
 .debug_macro   0x0000000000015cf2      0x1b1 ./Core/Src/stm32f1xx_it.o
 .debug_macro   0x0000000000015ea3      0x198 ./Core/Src/system_stm32f1xx.o
 .debug_macro   0x000000000001603b      0x1d8 ./Core/Src/traffic_light.o
 .debug_macro   0x0000000000016213      0x1bc ./Drivers/STM32F1xx_HAL_Driver/Src/stm32f1xx_hal.o
 .debug_macro   0x00000000000163cf      0x198 ./Drivers/STM32F1xx_HAL_Driver/Src/stm32f1xx_hal_cortex.o
 .debug_macro   0x0000000000016567      0x203 ./Drivers/STM32F1xx_HAL_Driver/Src/stm32f1xx_hal_gpio.o
 .debug_macro   0x000000000001676a      0x1aa ./Drivers/STM32F1xx_HAL_Driver/Src/stm32f1xx_hal_rcc.o
 .debug_macro   0x0000000000016914      0x199 ./Drivers/STM32F1xx_HAL_Driver/Src/stm32f1xx_hal_tim.o
 .debug_macro   0x0000000000016aad      0x198 ./Drivers/STM32F1xx_HAL_Driver/Src/stm32f1xx_hal_tim_ex.o

.debug_line     0x0000000000000000     0xba25
 .debug_line    0x0000000000000000      0x880 ./Core/Src/button.o
 .debug_line    0x0000000000000880      0x79e ./Core/Src/display7seg.o
 .debug_line    0x000000000000101e      0x827 ./Core/Src/input_processing.o
 .debug_line    0x0000000000001845      0x7dc ./Core/Src/main.o
 .debug_line    0x0000000000002021      0x801 ./Core/Src/software_timer.o
 .debug_line    0x0000000000002822      0x6a1 ./Core/Src/stm32f1xx_hal_msp.o
 .debug_line    0x0000000000002ec3      0x73f ./Core/Src/stm32f1xx_it.o
 .debug_line    0x0000000000003602      0x6e3 ./Core/Src/system_stm32f1xx.o
 .debug_line    0x0000000000003ce5      0x78e ./Core/Src/traffic_light.o
 .debug_line    0x0000000000004473       0x87 ./Core/Startup/startup_stm32f103c6ux.o
 .debug_line    0x00000000000044fa      0x910 ./Drivers/STM32F1xx_HAL_Driver/Src/stm32f1xx_hal.o
 .debug_line    0x0000000000004e0a      0xaf8 ./Drivers/STM32F1xx_HAL_Driver/Src/stm32f1xx_hal_cortex.o
 .debug_line    0x0000000000005902      0x991 ./Drivers/STM32F1xx_HAL_Driver/Src/stm32f1xx_hal_gpio.o
 .debug_line    0x0000000000006293      0xd1e ./Drivers/STM32F1xx_HAL_Driver/Src/stm32f1xx_hal_rcc.o
 .debug_line    0x0000000000006fb1     0x326e ./Drivers/STM32F1xx_HAL_Driver/Src/stm32f1xx_hal_tim.o
 .debug_line    0x000000000000a21f     0x1806 ./Drivers/STM32F1xx_HAL_Driver/Src/stm32f1xx_hal_tim_ex.o

.debug_str      0x0000000000000000    0x82636
 .debug_str     0x0000000000000000    0x7fa31 ./Core/Src/button.o
                                      0x7fd84 (size before relaxing)
 .debug_str     0x000000000007fa31       0x63 ./Core/Src/display7seg.o
                                      0x7fb40 (size before relaxing)
 .debug_str     0x000000000007fa94      0x10d ./Core/Src/input_processing.o
                                      0x7fccd (size before relaxing)
 .debug_str     0x000000000007fba1      0x6df ./Core/Src/main.o
                                      0x80401 (size before relaxing)
 .debug_str     0x0000000000080280      0x108 ./Core/Src/software_timer.o
                                      0x7fc22 (size before relaxing)
 .debug_str     0x0000000000080388      0x2ba ./Core/Src/stm32f1xx_hal_msp.o
                                      0x802b3 (size before relaxing)
 .debug_str     0x0000000000080642       0xcd ./Core/Src/stm32f1xx_it.o
                                      0x80015 (size before relaxing)
 .debug_str     0x000000000008070f       0x52 ./Core/Src/system_stm32f1xx.o
                                      0x7f512 (size before relaxing)
 .debug_str     0x0000000000080761       0x6c ./Core/Src/traffic_light.o
                                      0x7fcc8 (size before relaxing)
 .debug_str     0x00000000000807cd       0x36 ./Core/Startup/startup_stm32f103c6ux.o
                                         0x7d (size before relaxing)
 .debug_str     0x0000000000080803      0x304 ./Drivers/STM32F1xx_HAL_Driver/Src/stm32f1xx_hal.o
                                      0x7fb69 (size before relaxing)
 .debug_str     0x0000000000080b07      0x300 ./Drivers/STM32F1xx_HAL_Driver/Src/stm32f1xx_hal_cortex.o
                                      0x7fb71 (size before relaxing)
 .debug_str     0x0000000000080e07      0x324 ./Drivers/STM32F1xx_HAL_Driver/Src/stm32f1xx_hal_gpio.o
                                      0x7f8d6 (size before relaxing)
 .debug_str     0x000000000008112b      0x24f ./Drivers/STM32F1xx_HAL_Driver/Src/stm32f1xx_hal_rcc.o
                                      0x7f90f (size before relaxing)
 .debug_str     0x000000000008137a      0xdce ./Drivers/STM32F1xx_HAL_Driver/Src/stm32f1xx_hal_tim.o
                                      0x808e1 (size before relaxing)
 .debug_str     0x0000000000082148      0x4ee ./Drivers/STM32F1xx_HAL_Driver/Src/stm32f1xx_hal_tim_ex.o
                                      0x80092 (size before relaxing)

.comment        0x0000000000000000       0x53
 .comment       0x0000000000000000       0x53 ./Core/Src/button.o
                                         0x54 (size before relaxing)
 .comment       0x0000000000000053       0x54 ./Core/Src/display7seg.o
 .comment       0x0000000000000053       0x54 ./Core/Src/input_processing.o
 .comment       0x0000000000000053       0x54 ./Core/Src/main.o
 .comment       0x0000000000000053       0x54 ./Core/Src/software_timer.o
 .comment       0x0000000000000053       0x54 ./Core/Src/stm32f1xx_hal_msp.o
 .comment       0x0000000000000053       0x54 ./Core/Src/stm32f1xx_it.o
 .comment       0x0000000000000053       0x54 ./Core/Src/system_stm32f1xx.o
 .comment       0x0000000000000053       0x54 ./Core/Src/traffic_light.o
 .comment       0x0000000000000053       0x54 ./Drivers/STM32F1xx_HAL_Driver/Src/stm32f1xx_hal.o
 .comment       0x0000000000000053       0x54 ./Drivers/STM32F1xx_HAL_Driver/Src/stm32f1xx_hal_cortex.o
 .comment       0x0000000000000053       0x54 ./Drivers/STM32F1xx_HAL_Driver/Src/stm32f1xx_hal_gpio.o
 .comment       0x0000000000000053       0x54 ./Drivers/STM32F1xx_HAL_Driver/Src/stm32f1xx_hal_rcc.o
 .comment       0x0000000000000053       0x54 ./Drivers/STM32F1xx_HAL_Driver/Src/stm32f1xx_hal_tim.o
 .comment       0x0000000000000053       0x54 ./Drivers/STM32F1xx_HAL_Driver/Src/stm32f1xx_hal_tim_ex.o

.debug_frame    0x0000000000000000     0x2a28
 .debug_frame   0x0000000000000000      0x164 ./Core/Src/button.o
 .debug_frame   0x0000000000000164       0xcc ./Core/Src/display7seg.o
 .debug_frame   0x0000000000000230       0x2c ./Core/Src/input_processing.o
 .debug_frame   0x000000000000025c       0xd4 ./Core/Src/main.o
 .debug_frame   0x0000000000000330      0x198 ./Core/Src/software_timer.o
 .debug_frame   0x00000000000004c8       0x80 ./Core/Src/stm32f1xx_hal_msp.o
 .debug_frame   0x0000000000000548      0x120 ./Core/Src/stm32f1xx_it.o
 .debug_frame   0x0000000000000668       0x58 ./Core/Src/system_stm32f1xx.o
 .debug_frame   0x00000000000006c0       0x68 ./Core/Src/traffic_light.o
 .debug_frame   0x0000000000000728      0x334 ./Drivers/STM32F1xx_HAL_Driver/Src/stm32f1xx_hal.o
 .debug_frame   0x0000000000000a5c      0x428 ./Drivers/STM32F1xx_HAL_Driver/Src/stm32f1xx_hal_cortex.o
 .debug_frame   0x0000000000000e84      0x14c ./Drivers/STM32F1xx_HAL_Driver/Src/stm32f1xx_hal_gpio.o
 .debug_frame   0x0000000000000fd0      0x21c ./Drivers/STM32F1xx_HAL_Driver/Src/stm32f1xx_hal_rcc.o
 .debug_frame   0x00000000000011ec     0x11b8 ./Drivers/STM32F1xx_HAL_Driver/Src/stm32f1xx_hal_tim.o
 .debug_frame   0x00000000000023a4      0x638 ./Drivers/STM32F1xx_HAL_Driver/Src/stm32f1xx_hal_tim_ex.o
 .debug_frame   0x00000000000029dc       0x2c c:/st/stm32cubeide_1.7.0/stm32cubeide/plugins/com.st.stm32cube.ide.mcu.externaltools.gnu-tools-for-stm32.9-2020-q2-update.win32_2.0.0.202105311346/tools/bin/../lib/gcc/arm-none-eabi/9.3.1/../../../../arm-none-eabi/lib/thumb/v7-m/nofp\libc_nano.a(lib_a-init.o)
 .debug_frame   0x0000000000002a08       0x20 c:/st/stm32cubeide_1.7.0/stm32cubeide/plugins/com.st.stm32cube.ide.mcu.externaltools.gnu-tools-for-stm32.9-2020-q2-update.win32_2.0.0.202105311346/tools/bin/../lib/gcc/arm-none-eabi/9.3.1/../../../../arm-none-eabi/lib/thumb/v7-m/nofp\libc_nano.a(lib_a-memset.o)
